// Jest Snapshot v1, https://goo.gl/fbAQLP

exports[`HotTip calls context on hover & blur 1`] = `
<span
  onMouseOut={[Function]}
  onMouseOver={[Function]}
>
  text
</span>
`;

exports[`HotTip calls context on hover & blur 2`] = `
<span
  onMouseOut={[Function]}
  onMouseOver={[Function]}
>
  text
</span>
`;

exports[`HotTip renders 1`] = `
<a
  onMouseOut={[Function]}
  onMouseOver={[Function]}
>
  link
</a>
`;

exports[`HotTip renders without tip 1`] = `"text"`;
